python : 1506 INFO: PyInstaller: 6.21.0, contrib hooks: 2026.6
At line:1 char:365
+ ... latoriosEncomendasEDI_EF\criar_exe"; python build_exe.py 2>&1 | Tee-O ...
+                                          ~~~~~~~~~~~~~~~~~~~~~~~~
    + CategoryInfo          : NotSpecified: (1506 INFO: PyIn...b hooks: 2026.6:String) [], RemoteException
    + FullyQualifiedErrorId : NativeCommandError
 
1507 INFO: Python: 3.14.6
1632 INFO: Platform: Windows-10-10.0.19045-SP0
1633 INFO: Python environment: C:\Users\TI\scoop\apps\python\current
1637 INFO: wrote C:\Users\TI\Desktop\RelatoriosEncomendasEDI_EF\criar_exe\build_specs\RelatoriosEncomendasEDI.spec
1681 INFO: Module search paths (PYTHONPATH):
['C:\\Users\\TI\\Desktop\\RelatoriosEncomendasEDI_EF',
 'C:\\Users\\TI\\scoop\\apps\\python\\current\\python314.zip',
 'C:\\Users\\TI\\scoop\\apps\\python\\current\\DLLs',
 'C:\\Users\\TI\\scoop\\apps\\python\\current\\Lib',
 'C:\\Users\\TI\\scoop\\apps\\python\\3.14.6',
 'C:\\Users\\TI\\scoop\\apps\\python\\current',
 'C:\\Users\\TI\\scoop\\apps\\python\\current\\Lib\\site-packages',
 'C:\\Users\\TI\\Desktop\\RelatoriosEncomendasEDI_EF\\src',
 'C:\\Users\\TI\\Desktop\\RelatoriosEncomendasEDI_EF',
 'C:\\Users\\TI\\Desktop\\RelatoriosEncomendasEDI_EF\\src']
3916 INFO: Appending 'datas' from .spec
3919 INFO: checking Analysis
3919 INFO: Building Analysis because Analysis-00.toc is non existent
3919 INFO: Looking for Python shared library...
3919 INFO: Using Python shared library: C:\Users\TI\scoop\apps\python\current\python314.dll
3919 INFO: Running Analysis Analysis-00.toc
3919 INFO: Target bytecode optimization level: 0
3920 INFO: Initializing module dependency graph...
3926 INFO: Initializing module graph hook caches...
4128 INFO: Analyzing modules for base_library.zip ...
11719 INFO: Processing standard module hook 'hook-math.py' from 
'C:\\Users\\TI\\scoop\\apps\\python\\current\\Lib\\site-packages\\PyInstaller\\hooks'
11824 INFO: Processing standard module hook 'hook-heapq.py' from 
'C:\\Users\\TI\\scoop\\apps\\python\\current\\Lib\\site-packages\\PyInstaller\\hooks'
14162 INFO: Processing standard module hook 'hook-encodings.py' from 
'C:\\Users\\TI\\scoop\\apps\\python\\current\\Lib\\site-packages\\PyInstaller\\hooks'
24307 INFO: Processing standard module hook 'hook-difflib.py' from 
'C:\\Users\\TI\\scoop\\apps\\python\\current\\Lib\\site-packages\\PyInstaller\\hooks'
24910 INFO: Processing standard module hook 'hook-pickle.py' from 
'C:\\Users\\TI\\scoop\\apps\\python\\current\\Lib\\site-packages\\PyInstaller\\hooks'
37257 INFO: Caching module dependency graph...
37464 INFO: Analyzing C:\Users\TI\Desktop\RelatoriosEncomendasEDI_EF\start_api.py
37516 INFO: Processing standard module hook 'hook-uvicorn.py' from 
'C:\\Users\\TI\\scoop\\apps\\python\\current\\Lib\\site-packages\\_pyinstaller_hooks_contrib\\stdhooks'
41056 INFO: Processing standard module hook 'hook-multiprocessing.util.py' from 
'C:\\Users\\TI\\scoop\\apps\\python\\current\\Lib\\site-packages\\PyInstaller\\hooks'
41775 INFO: Processing standard module hook 'hook-xml.py' from 
'C:\\Users\\TI\\scoop\\apps\\python\\current\\Lib\\site-packages\\PyInstaller\\hooks'
43804 INFO: Processing standard module hook 'hook-sysconfig.py' from 
'C:\\Users\\TI\\scoop\\apps\\python\\current\\Lib\\site-packages\\PyInstaller\\hooks'
43873 INFO: Processing standard module hook 'hook-_ctypes.py' from 
'C:\\Users\\TI\\scoop\\apps\\python\\current\\Lib\\site-packages\\PyInstaller\\hooks'
48097 INFO: Processing pre-safe-import-module hook 'hook-typing_extensions.py' from 
'C:\\Users\\TI\\scoop\\apps\\python\\current\\Lib\\site-packages\\PyInstaller\\hooks\\pre_safe_import_module'
48138 INFO: SetuptoolsInfo: initializing cached setuptools info...
53746 INFO: Processing standard module hook 'hook-platform.py' from 
'C:\\Users\\TI\\scoop\\apps\\python\\current\\Lib\\site-packages\\PyInstaller\\hooks'
56376 INFO: Processing standard module hook 'hook-webbrowser.py' from 
'C:\\Users\\TI\\scoop\\apps\\python\\current\\Lib\\site-packages\\PyInstaller\\hooks'
58258 INFO: Processing standard module hook 'hook-websockets.py' from 
'C:\\Users\\TI\\scoop\\apps\\python\\current\\Lib\\site-packages\\_pyinstaller_hooks_contrib\\stdhooks'
65604 INFO: Processing standard module hook 'hook-cryptography.py' from 
'C:\\Users\\TI\\scoop\\apps\\python\\current\\Lib\\site-packages\\_pyinstaller_hooks_contrib\\stdhooks'
70730 INFO: hook-cryptography: cryptography does not seem to be using dynamically linked OpenSSL.
73658 INFO: Processing standard module hook 'hook-bcrypt.py' from 
'C:\\Users\\TI\\scoop\\apps\\python\\current\\Lib\\site-packages\\_pyinstaller_hooks_contrib\\stdhooks'
77208 INFO: Processing standard module hook 'hook-anyio.py' from 
'C:\\Users\\TI\\scoop\\apps\\python\\current\\Lib\\site-packages\\_pyinstaller_hooks_contrib\\stdhooks'
83466 INFO: Processing standard module hook 'hook-pydantic.py' from 
'C:\\Users\\TI\\scoop\\apps\\python\\current\\Lib\\site-packages\\_pyinstaller_hooks_contrib\\stdhooks'
87932 INFO: Processing standard module hook 'hook-zoneinfo.py' from 
'C:\\Users\\TI\\scoop\\apps\\python\\current\\Lib\\site-packages\\_pyinstaller_hooks_contrib\\stdhooks'
92175 INFO: Processing standard module hook 'hook-certifi.py' from 
'C:\\Users\\TI\\scoop\\apps\\python\\current\\Lib\\site-packages\\_pyinstaller_hooks_contrib\\stdhooks'
95968 INFO: Processing standard module hook 'hook-pygments.py' from 
'C:\\Users\\TI\\scoop\\apps\\python\\current\\Lib\\site-packages\\PyInstaller\\hooks'
102416 INFO: Processing standard module hook 'hook-chardet.py' from 
'C:\\Users\\TI\\scoop\\apps\\python\\current\\Lib\\site-packages\\_pyinstaller_hooks_contrib\\stdhooks'
109819 INFO: Processing standard module hook 'hook-dns.rdata.py' from 
'C:\\Users\\TI\\scoop\\apps\\python\\current\\Lib\\site-packages\\_pyinstaller_hooks_contrib\\stdhooks'
124208 INFO: Processing standard module hook 'hook-sqlite3.py' from 
'C:\\Users\\TI\\scoop\\apps\\python\\current\\Lib\\site-packages\\PyInstaller\\hooks'
125777 INFO: Processing standard module hook 'hook-openpyxl.py' from 
'C:\\Users\\TI\\scoop\\apps\\python\\current\\Lib\\site-packages\\_pyinstaller_hooks_contrib\\stdhooks'
126595 INFO: Processing standard module hook 'hook-numpy.py' from 
'C:\\Users\\TI\\scoop\\apps\\python\\current\\Lib\\site-packages\\PyInstaller\\hooks'
134226 INFO: Processing standard module hook 'hook-psutil.py' from 
'C:\\Users\\TI\\scoop\\apps\\python\\current\\Lib\\site-packages\\_pyinstaller_hooks_contrib\\stdhooks'
140829 INFO: Processing standard module hook 'hook-charset_normalizer.py' from 
'C:\\Users\\TI\\scoop\\apps\\python\\current\\Lib\\site-packages\\_pyinstaller_hooks_contrib\\stdhooks'
143124 INFO: Processing standard module hook 'hook-xml.etree.cElementTree.py' from 
'C:\\Users\\TI\\scoop\\apps\\python\\current\\Lib\\site-packages\\PyInstaller\\hooks'
143711 INFO: Processing standard module hook 'hook-xml.dom.domreg.py' from 
'C:\\Users\\TI\\scoop\\apps\\python\\current\\Lib\\site-packages\\PyInstaller\\hooks'
149898 INFO: Processing standard module hook 'hook-PIL.py' from 
'C:\\Users\\TI\\scoop\\apps\\python\\current\\Lib\\site-packages\\PyInstaller\\hooks'
150387 INFO: Processing standard module hook 'hook-PIL.Image.py' from 
'C:\\Users\\TI\\scoop\\apps\\python\\current\\Lib\\site-packages\\PyInstaller\\hooks'
153361 INFO: Processing standard module hook 'hook-PIL.ImageFilter.py' from 
'C:\\Users\\TI\\scoop\\apps\\python\\current\\Lib\\site-packages\\PyInstaller\\hooks'
159480 INFO: Processing standard module hook 'hook-apscheduler.py' from 
'C:\\Users\\TI\\scoop\\apps\\python\\current\\Lib\\site-packages\\_pyinstaller_hooks_contrib\\stdhooks'
161813 INFO: Processing pre-safe-import-module hook 'hook-backports.py' from 
'C:\\Users\\TI\\scoop\\apps\\python\\current\\Lib\\site-packages\\PyInstaller\\hooks\\pre_safe_import_module'
161821 INFO: Setuptools: 'backports' appears to be a full setuptools-vendored copy - creating alias to 
'setuptools._vendor.backports'!
161901 INFO: Processing standard module hook 'hook-setuptools.py' from 
'C:\\Users\\TI\\scoop\\apps\\python\\current\\Lib\\site-packages\\PyInstaller\\hooks'
162078 INFO: Processing pre-safe-import-module hook 'hook-distutils.py' from 
'C:\\Users\\TI\\scoop\\apps\\python\\current\\Lib\\site-packages\\PyInstaller\\hooks\\pre_safe_import_module'
162370 INFO: Processing pre-safe-import-module hook 'hook-jaraco.py' from 
'C:\\Users\\TI\\scoop\\apps\\python\\current\\Lib\\site-packages\\PyInstaller\\hooks\\pre_safe_import_module'
162374 INFO: Setuptools: 'jaraco' appears to be a full setuptools-vendored copy - creating alias to 
'setuptools._vendor.jaraco'!
162460 INFO: Processing pre-safe-import-module hook 'hook-more_itertools.py' from 
'C:\\Users\\TI\\scoop\\apps\\python\\current\\Lib\\site-packages\\PyInstaller\\hooks\\pre_safe_import_module'
162464 INFO: Setuptools: 'more_itertools' appears to be a setuptools-vendored copy - creating alias to 
'setuptools._vendor.more_itertools'!
163941 INFO: Processing pre-safe-import-module hook 'hook-packaging.py' from 
'C:\\Users\\TI\\scoop\\apps\\python\\current\\Lib\\site-packages\\PyInstaller\\hooks\\pre_safe_import_module'
165561 INFO: Processing standard module hook 'hook-setuptools._vendor.jaraco.text.py' from 
'C:\\Users\\TI\\scoop\\apps\\python\\current\\Lib\\site-packages\\PyInstaller\\hooks'
165568 INFO: Processing pre-safe-import-module hook 'hook-importlib_resources.py' from 
'C:\\Users\\TI\\scoop\\apps\\python\\current\\Lib\\site-packages\\PyInstaller\\hooks\\pre_safe_import_module'
168265 INFO: Processing pre-safe-import-module hook 'hook-tomli.py' from 
'C:\\Users\\TI\\scoop\\apps\\python\\current\\Lib\\site-packages\\PyInstaller\\hooks\\pre_safe_import_module'
168268 INFO: Setuptools: 'tomli' appears to be a setuptools-vendored copy - creating alias to 
'setuptools._vendor.tomli'!
171685 INFO: Processing pre-safe-import-module hook 'hook-wheel.py' from 
'C:\\Users\\TI\\scoop\\apps\\python\\current\\Lib\\site-packages\\PyInstaller\\hooks\\pre_safe_import_module'
177764 INFO: Processing standard module hook 'hook-nacl.py' from 
'C:\\Users\\TI\\scoop\\apps\\python\\current\\Lib\\site-packages\\_pyinstaller_hooks_contrib\\stdhooks'
180704 INFO: Processing module hooks (post-graph stage)...
185669 INFO: Processing standard module hook 'hook-urllib3.py' from 
'C:\\Users\\TI\\scoop\\apps\\python\\current\\Lib\\site-packages\\_pyinstaller_hooks_contrib\\stdhooks'
196987 INFO: Processing standard module hook 'hook-sqlalchemy.py' from 
'C:\\Users\\TI\\scoop\\apps\\python\\current\\Lib\\site-packages\\PyInstaller\\hooks'
202585 INFO: Processing pre-safe-import-module hook 'hook-importlib_metadata.py' from 
'C:\\Users\\TI\\scoop\\apps\\python\\current\\Lib\\site-packages\\PyInstaller\\hooks\\pre_safe_import_module'
202588 INFO: Setuptools: 'importlib_metadata' appears to be a setuptools-vendored copy - creating alias to 
'setuptools._vendor.importlib_metadata'!
202766 INFO: Processing standard module hook 'hook-setuptools._vendor.importlib_metadata.py' from 
'C:\\Users\\TI\\scoop\\apps\\python\\current\\Lib\\site-packages\\PyInstaller\\hooks'
203121 INFO: Processing pre-safe-import-module hook 'hook-zipp.py' from 
'C:\\Users\\TI\\scoop\\apps\\python\\current\\Lib\\site-packages\\PyInstaller\\hooks\\pre_safe_import_module'
203124 INFO: Setuptools: 'zipp' appears to be a setuptools-vendored copy - creating alias to 'setuptools._vendor.zipp'!
222185 WARNING: Hidden import "ascii__mypyc" not found!
222188 WARNING: Hidden import "confusion__mypyc" not found!
222192 WARNING: Hidden import "escape__mypyc" not found!
222195 WARNING: Hidden import "language__mypyc" not found!
222198 WARNING: Hidden import "magic__mypyc" not found!
222202 WARNING: Hidden import "orchestrator__mypyc" not found!
222205 WARNING: Hidden import "postprocess__mypyc" not found!
222208 WARNING: Hidden import "statistical__mypyc" not found!
222212 WARNING: Hidden import "structural__mypyc" not found!
222215 WARNING: Hidden import "utf1632__mypyc" not found!
222219 WARNING: Hidden import "utf8__mypyc" not found!
222222 WARNING: Hidden import "validity__mypyc" not found!
227419 INFO: Processing standard module hook 'hook-orjson.py' from 
'C:\\Users\\TI\\scoop\\apps\\python\\current\\Lib\\site-packages\\_pyinstaller_hooks_contrib\\stdhooks'
246723 INFO: Processing standard module hook 'hook-PIL.SpiderImagePlugin.py' from 
'C:\\Users\\TI\\scoop\\apps\\python\\current\\Lib\\site-packages\\PyInstaller\\hooks'
270515 INFO: Processing standard module hook 'hook-sqlalchemy.py' from 
'C:\\Users\\TI\\scoop\\apps\\python\\current\\Lib\\site-packages\\PyInstaller\\hooks'
272501 WARNING: Hidden import "pysqlite2" not found!
272503 WARNING: Hidden import "MySQLdb" not found!
272543 INFO: Processing standard module hook 'hook-psycopg2.py' from 
'C:\\Users\\TI\\scoop\\apps\\python\\current\\Lib\\site-packages\\_pyinstaller_hooks_contrib\\stdhooks'
281781 INFO: Processing standard module hook 'hook-psycopg_binary.py' from 
'C:\\Users\\TI\\scoop\\apps\\python\\current\\Lib\\site-packages\\_pyinstaller_hooks_contrib\\stdhooks'
288571 WARNING: Hidden import "mx.DateTime" not found!
288601 INFO: Processing standard module hook 'hook-tzdata.py' from 
'C:\\Users\\TI\\scoop\\apps\\python\\current\\Lib\\site-packages\\_pyinstaller_hooks_contrib\\stdhooks'
291823 INFO: Performing binary vs. data reclassification (661 entries)
300343 INFO: Looking for ctypes DLLs
300830 INFO: Analyzing run-time hooks ...
300868 INFO: Including run-time hook 'pyi_rth_inspect.py' from 
'C:\\Users\\TI\\scoop\\apps\\python\\current\\Lib\\site-packages\\PyInstaller\\hooks\\rthooks'
300921 INFO: Including run-time hook 'pyi_rth_pkgutil.py' from 
'C:\\Users\\TI\\scoop\\apps\\python\\current\\Lib\\site-packages\\PyInstaller\\hooks\\rthooks'
300965 INFO: Including run-time hook 'pyi_rth_multiprocessing.py' from 
'C:\\Users\\TI\\scoop\\apps\\python\\current\\Lib\\site-packages\\PyInstaller\\hooks\\rthooks'
301004 INFO: Including run-time hook 'pyi_rth_setuptools.py' from 
'C:\\Users\\TI\\scoop\\apps\\python\\current\\Lib\\site-packages\\PyInstaller\\hooks\\rthooks'
301029 INFO: Including run-time hook 'pyi_rth_cryptography_openssl.py' from 
'C:\\Users\\TI\\scoop\\apps\\python\\current\\Lib\\site-packages\\_pyinstaller_hooks_contrib\\rthooks'
301216 INFO: Creating base_library.zip...
301282 INFO: Looking for dynamic libraries
319251 INFO: Extra DLL search directories (AddDllDirectory): 
['C:\\Users\\TI\\scoop\\apps\\python\\current\\Lib\\site-packages\\psycopg_binary.libs', 
'C:\\Users\\TI\\scoop\\apps\\python\\current\\Lib\\site-packages\\numpy.libs', 
'C:\\Users\\TI\\scoop\\apps\\python\\current\\Lib\\site-packages\\psycopg2_binary.libs']
319252 INFO: Extra DLL search directories (PATH): []
331058 INFO: Warnings written to 
C:\Users\TI\Desktop\RelatoriosEncomendasEDI_EF\criar_exe\build\RelatoriosEncomendasEDI\warn-RelatoriosEncomendasEDI.txt
331621 INFO: Graph cross-reference written to C:\Users\TI\Desktop\RelatoriosEncomendasEDI_EF\criar_exe\build\Relatorios
EncomendasEDI\xref-RelatoriosEncomendasEDI.html
331936 INFO: checking PYZ
331936 INFO: Building PYZ because PYZ-00.toc is non existent
331937 INFO: Building PYZ (ZlibArchive) 
C:\Users\TI\Desktop\RelatoriosEncomendasEDI_EF\criar_exe\build\RelatoriosEncomendasEDI\PYZ-00.pyz
336065 INFO: Building PYZ (ZlibArchive) 
C:\Users\TI\Desktop\RelatoriosEncomendasEDI_EF\criar_exe\build\RelatoriosEncomendasEDI\PYZ-00.pyz completed 
successfully.
336288 INFO: checking PKG
336288 INFO: Building PKG because PKG-00.toc is non existent
336289 INFO: Building PKG (CArchive) RelatoriosEncomendasEDI.pkg
336474 INFO: Building PKG (CArchive) RelatoriosEncomendasEDI.pkg completed successfully.
336479 INFO: Bootloader 
C:\Users\TI\scoop\apps\python\current\Lib\site-packages\PyInstaller\bootloader\Windows-64bit-intel\run.exe
336479 INFO: checking EXE
336480 INFO: Building EXE because EXE-00.toc is non existent
336480 INFO: Building EXE from EXE-00.toc
336481 INFO: Copying bootloader EXE to 
C:\Users\TI\Desktop\RelatoriosEncomendasEDI_EF\criar_exe\build\RelatoriosEncomendasEDI\RelatoriosEncomendasEDI.exe
336833 INFO: Copying icon to EXE
337030 INFO: Copying 0 resources to EXE
337030 INFO: Embedding manifest in EXE
337193 INFO: Appending PKG archive to EXE
337509 INFO: Fixing EXE headers
338902 INFO: Building EXE from EXE-00.toc completed successfully.
338948 INFO: checking COLLECT
338949 INFO: Building COLLECT because COLLECT-00.toc is non existent
338950 INFO: Building COLLECT COLLECT-00.toc
348155 INFO: Building COLLECT COLLECT-00.toc completed successfully.
348232 INFO: Build complete! The results are available in: 
C:\Users\TI\Desktop\RelatoriosEncomendasEDI_EF\criar_exe\release
[BUILD] Compilando --onedir...
[BUILD] Preparando estrutura de produção...
[BUILD] ✓ Concluído: C:\Users\TI\Desktop\RelatoriosEncomendasEDI_EF\criar_exe\release\RelatoriosEncomendasEDI
